
> quran-semantic-frontend@1.0.0 build
> tsc -b && vite build

src/components/AyetCard.tsx(29,11): error TS6133: 'surahInfo' is declared but its value is never read.
src/components/AyetCard.tsx(78,11): error TS6133: 'percentage' is declared but its value is never read.
src/components/Logo.tsx(1,1): error TS6133: 'React' is declared but its value is never read.
src/components/SemanticGraph.tsx(12,8): error TS2307: Cannot find module '@xyflow/react/dist/style.css' or its corresponding type declarations.
src/components/spiritual/MosqueMap.tsx(3,8): error TS2307: Cannot find module 'leaflet/dist/leaflet.css' or its corresponding type declarations.
src/components/spiritual/MosqueMap.tsx(8,18): error TS2307: Cannot find module 'leaflet/dist/images/marker-icon.png' or its corresponding type declarations.
src/components/spiritual/MosqueMap.tsx(9,24): error TS2307: Cannot find module 'leaflet/dist/images/marker-shadow.png' or its corresponding type declarations.
src/components/spiritual/PrayerReminder.tsx(19,5): error TS6133: 'isMuted' is declared but its value is never read.
src/hooks/useAudio.ts(12,11): error TS6196: 'Worker' is declared but never used.
src/hooks/useAudio.ts(145,50): error TS6133: 'e' is declared but its value is never read.
src/lib/api.ts(3,29): error TS2339: Property 'env' does not exist on type 'ImportMeta'.
src/lib/PrayerTimesService.ts(57,15): error TS6133: 'now' is declared but its value is never read.
src/main.tsx(3,8): error TS2307: Cannot find module './index.css' or its corresponding type declarations.
